task,overt,dep,zero_endophora,exophora,overt_dep,endophora,zero,dep_zero,all
ガ,0.0,1.0,1.0,0.0,1.0,1.0,1.0,1.0,1.0
ヲ,0.0,0.0,1.0,0.0,0.0,0.666667,1.0,1.0,0.666667
all_case,0.0,1.0,1.0,0.0,0.666667,0.857143,1.0,1.0,0.857143
bridging,,1.0,0.0,0.0,,1.0,0.0,1.0,1.0
coreference,,,,0.0,,0.0,,,0.0
